[36mvite v8.0.3 [32mbuilding client environment for production...[36m[39m
[2K
pnpm : [33m[plugin rolldown:vite-resolve] Module "path" has been externalized 
for browser compatibility, imported by "C:/y/w/2-web/0-stack/2-editors/svg-path
26/node_modules/.pnpm/@svgr+core@8.1.0_typescript@6.0.2/node_modules/@svgr/core
/dist/index.js". See https://vite.dev/guide/troubleshooting.html#module-externa
lized-for-browser-compatibility for more details.[39m
At line:1 char:1
+ pnpm exec vite build > build_output.txt 2>&1 ; Get-Content build_outp ...
+ ~~~~~~~~~~~~~~~~~~~~~~~~~~~~~~~~~~~~~~~~~~~~
    + CategoryInfo          : NotSpecified: ([33m[plugin ro...e details.[39m 
   :String) [], RemoteException
    + FullyQualifiedErrorId : NativeCommandError
 
[33m[plugin rolldown:vite-resolve] Module "os" has been externalized for 
browser compatibility, imported by "C:/y/w/2-web/0-stack/2-editors/svg-path26/n
ode_modules/.pnpm/cosmiconfig@8.3.6_typescript@6.0.2/node_modules/cosmiconfig/d
ist/index.js". See https://vite.dev/guide/troubleshooting.html#module-externali
zed-for-browser-compatibility for more details.[39m
[33m[plugin rolldown:vite-resolve] Module "fs/promises" has been externalized 
for browser compatibility, imported by "C:/y/w/2-web/0-stack/2-editors/svg-path
26/node_modules/.pnpm/cosmiconfig@8.3.6_typescript@6.0.2/node_modules/cosmiconf
ig/dist/Explorer.js". See https://vite.dev/guide/troubleshooting.html#module-ex
ternalized-for-browser-compatibility for more details.[39m
[33m[plugin rolldown:vite-resolve] Module "path" has been externalized for 
browser compatibility, imported by "C:/y/w/2-web/0-stack/2-editors/svg-path26/n
ode_modules/.pnpm/cosmiconfig@8.3.6_typescript@6.0.2/node_modules/cosmiconfig/d
ist/Explorer.js". See https://vite.dev/guide/troubleshooting.html#module-extern
alized-for-browser-compatibility for more details.[39m
[33m[plugin rolldown:vite-resolve] Module "fs" has been externalized for 
browser compatibility, imported by "C:/y/w/2-web/0-stack/2-editors/svg-path26/n
ode_modules/.pnpm/cosmiconfig@8.3.6_typescript@6.0.2/node_modules/cosmiconfig/d
ist/loaders.js". See https://vite.dev/guide/troubleshooting.html#module-externa
lized-for-browser-compatibility for more details.[39m
[33m[plugin rolldown:vite-resolve] Module "fs/promises" has been externalized 
for browser compatibility, imported by "C:/y/w/2-web/0-stack/2-editors/svg-path
26/node_modules/.pnpm/cosmiconfig@8.3.6_typescript@6.0.2/node_modules/cosmiconf
ig/dist/loaders.js". See https://vite.dev/guide/troubleshooting.html#module-ext
ernalized-for-browser-compatibility for more details.[39m
[33m[plugin rolldown:vite-resolve] Module "path" has been externalized for 
browser compatibility, imported by "C:/y/w/2-web/0-stack/2-editors/svg-path26/n
ode_modules/.pnpm/cosmiconfig@8.3.6_typescript@6.0.2/node_modules/cosmiconfig/d
ist/ExplorerBase.js". See https://vite.dev/guide/troubleshooting.html#module-ex
ternalized-for-browser-compatibility for more details.[39m
[33m[plugin rolldown:vite-resolve] Module "fs" has been externalized for 
browser compatibility, imported by "C:/y/w/2-web/0-stack/2-editors/svg-path26/n
ode_modules/.pnpm/cosmiconfig@8.3.6_typescript@6.0.2/node_modules/cosmiconfig/d
ist/ExplorerSync.js". See https://vite.dev/guide/troubleshooting.html#module-ex
ternalized-for-browser-compatibility for more details.[39m
[33m[plugin rolldown:vite-resolve] Module "path" has been externalized for 
browser compatibility, imported by "C:/y/w/2-web/0-stack/2-editors/svg-path26/n
ode_modules/.pnpm/cosmiconfig@8.3.6_typescript@6.0.2/node_modules/cosmiconfig/d
ist/ExplorerSync.js". See https://vite.dev/guide/troubleshooting.html#module-ex
ternalized-for-browser-compatibility for more details.[39m
[33m[plugin rolldown:vite-resolve] Module "util" has been externalized for 
browser compatibility, imported by "C:/y/w/2-web/0-stack/2-editors/svg-path26/n
ode_modules/.pnpm/path-type@4.0.0/node_modules/path-type/index.js". See https:/
/vite.dev/guide/troubleshooting.html#module-externalized-for-browser-compatibil
ity for more details.[39m
[33m[plugin rolldown:vite-resolve] Module "fs" has been externalized for 
browser compatibility, imported by "C:/y/w/2-web/0-stack/2-editors/svg-path26/n
ode_modules/.pnpm/path-type@4.0.0/node_modules/path-type/index.js". See https:/
/vite.dev/guide/troubleshooting.html#module-externalized-for-browser-compatibil
ity for more details.[39m
[33m[plugin rolldown:vite-resolve] Module "path" has been externalized for 
browser compatibility, imported by "C:/y/w/2-web/0-stack/2-editors/svg-path26/n
ode_modules/.pnpm/cosmiconfig@8.3.6_typescript@6.0.2/node_modules/cosmiconfig/d
ist/loaders.js". See https://vite.dev/guide/troubleshooting.html#module-externa
lized-for-browser-compatibility for more details.[39m
[33m[plugin rolldown:vite-resolve] Module "url" has been externalized for 
browser compatibility, imported by "C:/y/w/2-web/0-stack/2-editors/svg-path26/n
ode_modules/.pnpm/cosmiconfig@8.3.6_typescript@6.0.2/node_modules/cosmiconfig/d
ist/loaders.js". See https://vite.dev/guide/troubleshooting.html#module-externa
lized-for-browser-compatibility for more details.[39m
[33m[plugin rolldown:vite-resolve] Module "path" has been externalized for 
browser compatibility, imported by "C:/y/w/2-web/0-stack/2-editors/svg-path26/n
ode_modules/.pnpm/import-fresh@3.3.1/node_modules/import-fresh/index.js". See h
ttps://vite.dev/guide/troubleshooting.html#module-externalized-for-browser-comp
atibility for more details.[39m
[33m[plugin rolldown:vite-resolve] Module "path" has been externalized for 
browser compatibility, imported by "C:/y/w/2-web/0-stack/2-editors/svg-path26/n
ode_modules/.pnpm/resolve-from@4.0.0/node_modules/resolve-from/index.js". See h
ttps://vite.dev/guide/troubleshooting.html#module-externalized-for-browser-comp
atibility for more details.[39m
[33m[plugin rolldown:vite-resolve] Module "path" has been externalized for 
browser compatibility, imported by "C:/y/w/2-web/0-stack/2-editors/svg-path26/n
ode_modules/.pnpm/@babel+core@7.29.0/node_modules/@babel/core/lib/config/item.j
s". See https://vite.dev/guide/troubleshooting.html#module-externalized-for-bro
wser-compatibility for more details.[39m
[33m[plugin rolldown:vite-resolve] Module "module" has been externalized for 
browser compatibility, imported by "C:/y/w/2-web/0-stack/2-editors/svg-path26/n
ode_modules/.pnpm/resolve-from@4.0.0/node_modules/resolve-from/index.js". See h
ttps://vite.dev/guide/troubleshooting.html#module-externalized-for-browser-comp
atibility for more details.[39m
[33m[plugin rolldown:vite-resolve] Module "fs" has been externalized for 
browser compatibility, imported by "C:/y/w/2-web/0-stack/2-editors/svg-path26/n
ode_modules/.pnpm/resolve-from@4.0.0/node_modules/resolve-from/index.js". See h
ttps://vite.dev/guide/troubleshooting.html#module-externalized-for-browser-comp
atibility for more details.[39m
[33m[plugin rolldown:vite-resolve] Module "path" has been externalized for 
browser compatibility, imported by "C:/y/w/2-web/0-stack/2-editors/svg-path26/n
ode_modules/.pnpm/@babel+core@7.29.0/node_modules/@babel/core/lib/config/config
-chain.js". See https://vite.dev/guide/troubleshooting.html#module-externalized
-for-browser-compatibility for more details.[39m
[33m[plugin rolldown:vite-resolve] Module "path" has been externalized for 
browser compatibility, imported by "C:/y/w/2-web/0-stack/2-editors/svg-path26/n
ode_modules/.pnpm/@babel+core@7.29.0/node_modules/@babel/core/lib/transformatio
n/normalize-opts.js". See https://vite.dev/guide/troubleshooting.html#module-ex
ternalized-for-browser-compatibility for more details.[39m
[33m[plugin rolldown:vite-resolve] Module "assert" has been externalized for 
browser compatibility, imported by "C:/y/w/2-web/0-stack/2-editors/svg-path26/n
ode_modules/.pnpm/@babel+helper-module-transforms@7.28.6_@babel+core@7.29.0/nod
e_modules/@babel/helper-module-transforms/lib/index.js". See https://vite.dev/g
uide/troubleshooting.html#module-externalized-for-browser-compatibility for 
more details.[39m
[33m[plugin rolldown:vite-resolve] Module "path" has been externalized for 
browser compatibility, imported by "C:/y/w/2-web/0-stack/2-editors/svg-path26/n
ode_modules/.pnpm/@babel+core@7.29.0/node_modules/@babel/core/lib/config/partia
l.js". See https://vite.dev/guide/troubleshooting.html#module-externalized-for-
browser-compatibility for more details.[39m
[33m[plugin rolldown:vite-resolve] Module "fs" has been externalized for 
browser compatibility, imported by "C:/y/w/2-web/0-stack/2-editors/svg-path26/n
ode_modules/.pnpm/@babel+core@7.29.0/node_modules/@babel/core/lib/transformatio
n/normalize-file.js". See https://vite.dev/guide/troubleshooting.html#module-ex
ternalized-for-browser-compatibility for more details.[39m
[33m[plugin rolldown:vite-resolve] Module "path" has been externalized for 
browser compatibility, imported by "C:/y/w/2-web/0-stack/2-editors/svg-path26/n
ode_modules/.pnpm/@babel+core@7.29.0/node_modules/@babel/core/lib/transformatio
n/normalize-file.js". See https://vite.dev/guide/troubleshooting.html#module-ex
ternalized-for-browser-compatibility for more details.[39m
[33m[plugin rolldown:vite-resolve] Module "path" has been externalized for 
browser compatibility, imported by "C:/y/w/2-web/0-stack/2-editors/svg-path26/n
ode_modules/.pnpm/@babel+core@7.29.0/node_modules/@babel/core/lib/config/patter
n-to-regex.js". See https://vite.dev/guide/troubleshooting.html#module-external
ized-for-browser-compatibility for more details.[39m
[33m[plugin rolldown:vite-resolve] Module "util" has been externalized for 
browser compatibility, imported by "C:/y/w/2-web/0-stack/2-editors/svg-path26/n
ode_modules/.pnpm/error-ex@1.3.4/node_modules/error-ex/index.js". See https://v
ite.dev/guide/troubleshooting.html#module-externalized-for-browser-compatibilit
y for more details.[39m
[33m[plugin rolldown:vite-resolve] Module "path" has been externalized for 
browser compatibility, imported by "C:/y/w/2-web/0-stack/2-editors/svg-path26/n
ode_modules/.pnpm/@babel+helper-module-transforms@7.28.6_@babel+core@7.29.0/nod
e_modules/@babel/helper-module-transforms/lib/normalize-and-load-metadata.js". 
See https://vite.dev/guide/troubleshooting.html#module-externalized-for-browser
-compatibility for more details.[39m
[33m[plugin rolldown:vite-resolve] Module "assert" has been externalized for 
browser compatibility, imported by "C:/y/w/2-web/0-stack/2-editors/svg-path26/n
ode_modules/.pnpm/@babel+helper-module-imports@7.28.6/node_modules/@babel/helpe
r-module-imports/lib/import-injector.js". See https://vite.dev/guide/troublesho
oting.html#module-externalized-for-browser-compatibility for more details.[39m
[33m[plugin rolldown:vite-resolve] Module "assert" has been externalized for 
browser compatibility, imported by "C:/y/w/2-web/0-stack/2-editors/svg-path26/n
ode_modules/.pnpm/@babel+helper-module-imports@7.28.6/node_modules/@babel/helpe
r-module-imports/lib/import-builder.js". See https://vite.dev/guide/troubleshoo
ting.html#module-externalized-for-browser-compatibility for more details.[39m
transforming...Γ£ô 2871 modules transformed.
rendering chunks...
computing gzip size...
dist/index.html                                                  0.53 kB Γöé gzip:   0.33 kB
dist/assets/RobotoMono-Thin-C_pgERHj.ttf                        87.87 kB
dist/assets/YanoneKaffeesatz-VariableFont_wght-BtcNMJR-.ttf    144.34 kB
dist/assets/index-DdzPkvi_.css                                  86.84 kB Γöé gzip:  15.08 kB
dist/assets/typescript-CgLUhL71.js                               0.06 kB Γöé gzip:   0.08 kB
dist/assets/__vite-browser-external-d67lB1hW.js                  0.08 kB Γöé gzip:   0.09 kB
dist/assets/chunk-zsgVPwQN.js                                    1.20 kB Γöé gzip:   0.66 kB
dist/assets/lib-GWaf6KZn.js                                     13.22 kB Γöé gzip:   7.77 kB
dist/assets/dist-BoemHPG0.js                                    61.88 kB Γöé gzip:  20.21 kB
dist/assets/dist-D0li3Qpa.js                                 1,339.40 kB Γöé gzip: 334.53 kB
dist/assets/index-DnqXOgw2.js                                1,397.77 kB Γöé gzip: 419.91 kB
dist/assets/typescript-CogtjsC-.js                           3,470.29 kB Γöé gzip: 975.16 kB

[32mΓ£ô built in 1.48s[39m
[33m[plugin builtin:vite-reporter] 
(!) Some chunks are larger than 500 kB after minification. Consider:
- Using dynamic import() to code-split the application
- Use build.rolldownOptions.output.codeSplitting to improve chunking: 
https://rolldown.rs/reference/OutputOptions.codeSplitting
- Adjust chunk size limit for this warning via 
build.chunkSizeWarningLimit.[39m
